
--------------------
 Network
 Vertices: 7
 Edges: 12
--------------------
  1[4]: 4(1,10), 5(1,23), 6(1,30), 7(1,40)
  2[4]: 4(1,5), 5(1,20), 6(1,10), 7(1,60)
  3[4]: 4(1,18), 5(1,20), 6(1,20), 7(1,30)
  4[0]
  5[0]
  6[0]
  7[0]
--------------------

--------------------
 Matching
 Cardinality: 3
 Max cost: 110.00
--------------------
  3 -- 5
  2 -- 7
  1 -- 6
--------------------