
--------------------
 Network
 Vertices: 8
 Edges: 14
--------------------
  A1[4]: B1(1,11), B2(1,10), B3(1,2), B4(1,11)
  A2[3]: B1(1,8), B2(1,5), B4(1,7)
  A3[4]: B1(1,9), B2(1,2), B3(1,11), B4(1,1)
  A4[3]: B1(1,7), B3(1,3), B4(1,7)
  B1[0]
  B2[0]
  B3[0]
  B4[0]
--------------------

--------------------
 Matching
 Cardinality: 4
 Min cost: 15.00
--------------------
  A3 -- B4
  A4 -- B1
  A1 -- B3
  A2 -- B2
--------------------