
--------------------
 Network
 Vertices: 18
 Edges: 24
--------------------
  a[3]: r(1,13), e(1,17), g(1,24)
  b[2]: a(1,5), c(1,1)
  c[2]: d(1,2), i(1,4)
  d[1]: f(1,6)
  e[1]: f(1,21)
  f[2]: q(1,14), n(1,18)
  g[1]: j(1,20)
  h[2]: c(1,3), m(1,7)
  i[1]: j(1,8)
  j[1]: l(1,16)
  k[1]: j(1,23)
  l[1]: p(1,12)
  m[2]: k(1,19), o(1,15)
  n[1]: m(1,22)
  o[1]: p(1,11)
  p[0]
  q[1]: p(1,10)
  r[1]: p(1,9)
--------------------


--------------------
 Network
 Vertices: 20
 Edges: 42
--------------------
  SINK[0]
  SOURCE[12]: n(1), o(1), k(1), b(1), l(1), g(1), q(1), h(1), d(1), i(1), r(1), e(1)
  a[1]: SINK(1)
  b[2]: a(1), c(1)
  c[1]: SINK(1)
  d[2]: c(1), f(1)
  e[2]: a(1), f(1)
  f[1]: SINK(1)
  g[2]: a(1), j(1)
  h[2]: c(1), m(1)
  i[2]: c(1), j(1)
  j[1]: SINK(1)
  k[2]: m(1), j(1)
  l[2]: j(1), p(1)
  m[1]: SINK(1)
  n[2]: f(1), m(1)
  o[2]: m(1), p(1)
  p[1]: SINK(1)
  q[2]: f(1), p(1)
  r[2]: a(1), p(1)
--------------------

--------------------
 Matching
 Cardinality: 6
 Min cost: 45.00
--------------------
  r -- p
  i -- j
  d -- c
  h -- m
  b -- a
  q -- f
--------------------