Node   Distance   Parent
 src       0.00        -
   1       6.00        3
   2       2.00      src
   3       4.00        2
   4       5.00        3
   5      10.00        3
   6      12.00        5
   7      18.00        6
