Pattern: m
Shifts: 4, 0
Longest repeated substrings:
2 times: a
Number of non-duplicate substrings: 13
Longest palindromic substring: madam