Pattern shifts: 3472, 1936, 1977, 1550, 2292, 2219, 1986, 4362, 458, 1261, 4443, 2522, 2952, 3363, 4169, 4855, 1872, 134, 464, 249, 2972, 8, 2698, 1162, 2460, 92, 2308, 5057, 4261, 4337, 2244, 1482, 1360, 3129, 2063, 1535, 656, 1450, 225, 2078, 2959, 1237, 196, 4861, 3153, 4679, 3118, 3241, 2938, 2923, 592, 1232, 3133, 3794, 695, 1542, 4769, 1776, 1955, 245, 2968, 2126, 345, 1489, 4077, 4234, 2167, 467, 4932, 149, 1125, 4478, 289, 1146     
Longest repeated substrings:
2 times: acggggtagcg