Maximum sum: 54
Maximum subarray:
[9, -1, 2, 9, 4, -5, -4, 36, -10, -15, 20, 9]