Number of halls: 4

SCHEDULES

---------
 Hall 1
---------
Act 9: [ 0, 3 )
Act 6: [ 3, 6 )
Act 8: [ 10, 15 )

---------
 Hall 2
---------
Act 2: [ 1, 4 )
Act 7: [ 4, 6 )
Act 3: [ 10, 12 )

---------
 Hall 3
---------
Act 1: [ 5, 9 )

---------
 Hall 4
---------
Act 4: [ 5, 8 )
Act 5: [ 11, 15 )

