Node   Distance   Parent
 src       0.00        -
   1       3.00      src
   2       9.00        1
   3       5.00      src
   4      11.00        3
