The closest distance is 0.355947 between (2.090724,48.730090) and (2.202164,48.392038).
