The closest distance is 0.440226 between (95.222973,91.619507) and (95.025237,92.012825).
