The closest distance is 1.310669 between (38.024947,89.024217) and (38.532940,90.232437).
