The closest distance is 0.641520 between (220.613014,34.935281) and (220.857200,34.342052).
