The closest distance is 1.484202 between (35.472258,2.865920) and (36.915722,2.520568).
