The closest distance is 0.989332 between (1114.324457,365.718422) and (1114.531532,366.685840).
