-20, -16, -9, -1, 1, 2, 2, 3, 3, 4, 5, 6, 7, 8, 8, 9, 10, 32, 52, 65

65, 52, 32, 10, 9, 8, 8, 7, 6, 5, 4, 3, 3, 2, 2, 1, -1, -9, -16, -20