Task: source -> target
      'retaliate' -> 'stellar'

Costs: copy = 2, insert = 3, delete = 3,
       replace = 4, twiddle = 0, kill = 5

Edit sequence:
  - Source:           'retaliate'
  - Replace r -> s:   s-etaliate
  - Twiddle t and e:  ste-aliate
  - Insert l:         stel-aliate
  - Twiddle l and a:  stella-iate
  - Insert r:         stellar-iate
  - Kill 04 chars:    stellar-
  - Result:           'stellar'

Minimum edit distance: 15
