Max length: 17
Subsequence:
 -84, -82, -69, -61, -54, -52, -38, -33, -21, 12, 44, 63, 73, 78, 81, 93, 96
