Max length: 58
Subsequence:
 -100, -92, -90, -87, -86, -83, -72, -70, -65, -63, -61, -56, -51, -45, -43, -40, -39, -38, -36, -35, -31, -28, -26, -25, -20, -17, -13, -6, -4, -1, 1, 4, 5, 6, 8, 9, 11, 12, 14, 18, 21, 27, 31, 44, 46, 62, 68, 69, 75, 76, 79, 80, 84, 85, 90, 92, 95, 96
