
--------------------
 Graph
 Directed
 Unweighted
 Vertices: 11
 Edges: 18
--------------------

   0[3]: 9, 2, 1
   1[2]: 10, 2
   10[1]: 9
   2[1]: 4
   3[2]: 9, 6
   4[1]: 0
   5[2]: 8, 3
   6[1]: 10
   7[1]: 5
   8[3]: 4, 0, 7
   9[1]: 6


Strongly connected components
-----------------------------
1: {6, 9, 10}
2: {2, 1, 0, 4}
3: {3}
4: {7, 8, 5}