
--------------------
 Graph
 Directed
 Unweighted
 Vertices: 12
 Edges: 20
--------------------

   0[1]: 1
   1[3]: 4, 3, 2
   10[1]: 11
   11[1]: 9
   2[1]: 5
   3[2]: 6, 4
   4[3]: 6, 5, 1
   5[2]: 7, 2
   6[2]: 9, 7
   7[1]: 6
   8[1]: 6
   9[2]: 10, 8


Strongly connected components
-----------------------------
1: {6, 8, 9, 11, 10, 7}
2: {5, 2}
3: {3, 1, 4}
4: {0}