Distance matrix D:
  0.0   1.0  -3.0   2.0  -4.0 
  3.0   0.0  -4.0   1.0  -1.0 
  7.0   4.0   0.0   5.0   3.0 
  2.0  -1.0  -5.0   0.0  -2.0 
  8.0   5.0   1.0   6.0   0.0 

Predecessor matrix P:
  -   2   3   4   0 
  3   -   3   1   0 
  3   2   -   1   0 
  3   2   3   -   0 
  3   2   3   4   - 

Query results:
  1: Shortest path from 0 to 4 has length = -4.00
     Path: 0 → 4
  2: Shortest path from 0 to 2 has length = -3.00
     Path: 0 → 4 → 3 → 2
  3: Shortest path from 4 to 0 has length = 8.00
     Path: 4 → 3 → 0
  4: Shortest path from 0 to 0 has length = 0.00
     Path: 0
  5: Shortest path from 4 to 1 has length = 5.00
     Path: 4 → 3 → 2 → 1
  6: Shortest path from 2 to 4 has length = 3.00
     Path: 2 → 1 → 3 → 0 → 4
