Distance matrix D:
  0.0   6.0   inf   8.0  -1.0   inf 
 -2.0   0.0   inf   2.0  -3.0   inf 
 -5.0  -3.0   0.0  -1.0  -6.0  -8.0 
 -4.0   2.0   inf   0.0  -5.0   inf 
  5.0   7.0   inf   9.0   0.0   inf 
  3.0   5.0  10.0   7.0   2.0   0.0 

Predecessor matrix P:
  -   4   -   1   0   - 
  3   -   -   1   0   - 
  3   5   -   1   0   2 
  3   4   -   -   0   - 
  3   4   -   1   -   - 
  3   5   5   1   0   - 

Query results:
  1: Shortest path from 0 to 3 has length = 8.00
     Path: 0 → 4 → 1 → 3
  2: There is no path from 3 to 5.
  3: Shortest path from 2 to 0 has length = -5.00
     Path: 2 → 5 → 1 → 3 → 0
  4: Shortest path from 5 to 0 has length = 3.00
     Path: 5 → 1 → 3 → 0
  5: Shortest path from 4 to 0 has length = 5.00
     Path: 4 → 1 → 3 → 0
