
--------------------
 GRAPH
 Directed
 Weighted
 Vertices: 7
 Edges: 10
--------------------
  0[2]: 1(1), 2(1)
  1[1]: 3(4)
  2[1]: 1(1)
  3[3]: 2(-6), 4(1), 5(1)
  4[2]: 5(1), 6(3)
  5[1]: 6(1)
  6[0]
--------------------

--------------------
 Shortest paths
--------------------
0 → 1: -INF
  no path
0 → 2: -INF
  no path
0 → 3: -INF
  no path
0 → 4: -INF
  no path
0 → 5: -INF
  no path
0 → 6: -INF
  no path
1 → 0: INF
  no path
1 → 2: -INF
  no path
1 → 3: -INF
  no path
1 → 4: -INF
  no path
1 → 5: -INF
  no path
1 → 6: -INF
  no path
2 → 0: INF
  no path
2 → 1: -INF
  no path
2 → 3: -INF
  no path
2 → 4: -INF
  no path
2 → 5: -INF
  no path
2 → 6: -INF
  no path
3 → 0: INF
  no path
3 → 1: -INF
  no path
3 → 2: -INF
  no path
3 → 4: -INF
  no path
3 → 5: -INF
  no path
3 → 6: -INF
  no path
4 → 0: INF
  no path
4 → 1: INF
  no path
4 → 2: INF
  no path
4 → 3: INF
  no path
4 → 5: 1.00
  path: 4 → 5
4 → 6: 2.00
  path: 4 → 5 → 6
5 → 0: INF
  no path
5 → 1: INF
  no path
5 → 2: INF
  no path
5 → 3: INF
  no path
5 → 4: INF
  no path
5 → 6: 1.00
  path: 5 → 6
6 → 0: INF
  no path
6 → 1: INF
  no path
6 → 2: INF
  no path
6 → 3: INF
  no path
6 → 4: INF
  no path
6 → 5: INF
  no path