Knapsack capacity: 61.50 kg

Items selected in full:
Item 4: 5.25 kg, 201.00 euros
Item 10: 13.90 kg, 250.00 euros
Item 6: 15.30 kg, 183.00 euros
Item 1: 11.10 kg, 125.50 euros
Item 9: 9.70 kg, 105.00 euros

Item 3: selected for 43.10% of its weight (= 6.25 kg), 36.64 euros
Total value: 901.14 euros
