No items selected
Total weight: 0.00
Total value: 0.00
