
--------------------
 Graph
 Undirected
 Weighted
 Vertices: 9
 Edges: 14
--------------------
  a[2]: h(8), b(4)
  b[3]: h(11), c(8), a(4)
  c[4]: f(4), i(2), d(7), b(8)
  d[3]: f(14), e(9), c(7)
  e[2]: f(10), d(9)
  f[4]: d(14), c(4), g(2), e(10)
  g[3]: i(6), h(1), f(2)
  h[4]: i(7), b(11), a(8), g(1)
  i[3]: g(6), c(2), h(7)
--------------------

----------------------------
MST edges in insertion order
----------------------------
i -- c
c -- f
f -- g
g -- h
c -- d
c -- b
b -- a
d -- e
----------------------------
MST weight: 37.00
