MST edges in insertion order:
0 8 2.40
7 8 1.80
6 7 1.70
1 8 2.10
1 2 2.60
8 9 2.80
9 5 2.50
3 5 2.10
3 4 2.20
MST weight: 20.20
