OBST cost: 2.65

OBST structure:

--| K0
-| K1
---| K2
--| K3
K4
---| K5
--| K6
---| K7
-| K8
---| K9
--| K10
