186 195 179 224 210 191 192 163 254 231
150 155 197 167 123 128 186 114 144 256
218 239 155 184 190 176 185 173 234 271
221 248 155 213 232 160 181 167 228 220
190 205 211 188 163 182 243 164 188 291
208 250 196 194 189 157 200 210 175 246
162 178 190 233 264 176 180 205 233 204
152 176 231 191 200 191 240 236 177 231
202 157 235 180 200 212 188 214 183 254
240 211 223 172 197 210 236 218 158 250
