Topological sort:
[3, 1, 2, 6, 0, 4, 5, 8, 7, 12, 9, 10, 13, 11]
