Task: source -> target
      'kitten' -> 'sitting'

Costs: copy = 6, insert = 5, delete = 5,
       replace = 4, twiddle = 0, kill = 10

Edit sequence:
  - Source:           'kitten'
  - Replace k -> s:   s-itten
  - Replace i -> i:   si-tten
  - Twiddle t and t:  sitt-en
  - Replace e -> i:   sitti-n
  - Replace n -> n:   sittin-
  - Insert g:         sitting-
  - Result:           'sitting'

Minimum edit distance: 21
