
--------------------
 Network
 Vertices: 9
 Edges: 8
--------------------
  a[1]: f(1)
  b[2]: h(1), f(1)
  c[3]: i(1), h(1), g(1)
  d[1]: h(1)
  e[1]: h(1)
  f[0]
  g[0]
  h[0]
  i[0]
--------------------

---------------
 Matching
---------------
  c -- i
  b -- f
  e -- h
---------------