Node   Distance   Parent
   0       0.00       -1
   1       2.00        2
   2       4.00        3
   3       7.00        0
   4      -2.00        1
