CODEWORD TABLE

char      freq       code
   a        45       0
   c        12       100
   b        13       101
   f         5       1100
   e         9       1101
   d        16       111


HUFFMAN TREE

-0 'a' (45)
root
-1-0-0 'c' (12)
-1-0
-1-0-1 'b' (13)
-1
-1-1-0-0 'f' (5)
-1-1-0
-1-1-0-1 'e' (9)
-1-1
-1-1-1 'd' (16)

