CODEWORD TABLE

char      freq       code
   a         2       0000
   i         1       00010
   d         2       00011
   n         5       001
            11       01
   t         6       100
   I         3       1010
   k         3       1011
   o         6       110
   w         3       1110
   h         3       1111


HUFFMAN TREE

-0-0-0-0 'a' (2)
-0-0-0
-0-0-0-1-0 'i' (1)
-0-0-0-1
-0-0-0-1-1 'd' (2)
-0-0
-0-0-1 'n' (5)
-0
-0-1 ' ' (11)
root
-1-0-0 't' (6)
-1-0
-1-0-1-0 'I' (3)
-1-0-1
-1-0-1-1 'k' (3)
-1
-1-1-0 'o' (6)
-1-1
-1-1-1-0 'w' (3)
-1-1-1
-1-1-1-1 'h' (3)

