Node   Distance   Parent
 src       0.00        -
   1       2.00        2
   2       4.00        3
   3       7.00      src
   4      -2.00        1
